No errors were found on the image.
.
----------------------------------------------------------------------
Ran 1 tests

OK
